> Task :HDhub4u:checkKotlinGradlePluginConfigurationErrors SKIPPED
> Task :HDhub4u:preBuild UP-TO-DATE
> Task :HDhub4u:preDebugBuild UP-TO-DATE
> Task :HDhub4u:generateDebugResValues UP-TO-DATE
> Task :HDhub4u:generateDebugResources UP-TO-DATE
> Task :HDhub4u:packageDebugResources UP-TO-DATE
> Task :HDhub4u:parseDebugLocalResources UP-TO-DATE
> Task :HDhub4u:generateDebugRFile UP-TO-DATE
> Task :HDhub4u:compileDebugKotlin UP-TO-DATE

> Task :HDhub4u:compileDex
Compiled dex to C:\Users\Admin\Desktop\iva4u\HDhub4u\build\intermediates\classes.dex

> Task :HDhub4u:make
Made Cloudstream package at C:\Users\Admin\Desktop\iva4u\HDhub4u\build\HDhub4u.cs3

[Incubating] Problems report is available at: file:///C:/Users/Admin/Desktop/iva4u/build/reports/problems/problems-report.html

Deprecated Gradle features were used in this build, making it incompatible with Gradle 9.0.

You can use '--warning-mode all' to show the individual deprecation warnings and determine if they come from your own scripts or plugins.

For more on this, please refer to https://docs.gradle.org/8.12/userguide/command_line_interface.html#sec:command_line_warnings in the Gradle documentation.

BUILD SUCCESSFUL in 4s
8 actionable tasks: 2 executed, 6 up-to-date
