To honour the JVM settings for this build a single-use Daemon process will be forked. For more on this, please refer to https://docs.gradle.org/8.12/userguide/gradle_daemon.html#sec:disabling_the_daemon in the Gradle documentation.
Daemon will be stopped at the end of the build 
> Task :MultiMoviesProvider:checkKotlinGradlePluginConfigurationErrors SKIPPED
> Task :MultiMoviesProvider:preBuild UP-TO-DATE
> Task :MultiMoviesProvider:preDebugBuild UP-TO-DATE
> Task :MultiMoviesProvider:generateDebugResValues UP-TO-DATE
> Task :MultiMoviesProvider:generateDebugResources UP-TO-DATE
> Task :MultiMoviesProvider:packageDebugResources UP-TO-DATE
> Task :MultiMoviesProvider:parseDebugLocalResources UP-TO-DATE
> Task :MultiMoviesProvider:generateDebugRFile UP-TO-DATE

> Task :MultiMoviesProvider:compileDebugKotlin FAILED
.\gradlew.bat : e: file:///C:/Users/Admin/Desktop/iva4u-master/MultiMoviesProv
ider/src/main/kotlin/com/phisher98/Extractor.kt:43:21 Argument type mismatch: 
actual type is 'kotlin.String', but 
'com.lagradost.cloudstream3.utils.ExtractorLinkType?' was expected.
At line:1 char:43
+ ... 4u-master"; .\gradlew.bat :MultiMoviesProvider:compileDebugKotlin --n 
...
+                 ~~~~~~~~~~~~~~~~~~~~~~~~~~~~~~~~~~~~~~~~~~~~~~~~~~~~~~~~~
    + CategoryInfo          : NotSpecified: (e: file:///C:/U...' was expected 
   .:String) [], RemoteException
    + FullyQualifiedErrorId : NativeCommandError
 
e: file:///C:/Users/Admin/Desktop/iva4u-master/MultiMoviesProvider/src/main/ko
tlin/com/phisher98/Extractor.kt:70:21 Argument type mismatch: actual type is 
'kotlin.String', but 'com.lagradost.cloudstream3.utils.ExtractorLinkType?' 
was expected.
e: file:///C:/Users/Admin/Desktop/iva4u-master/MultiMoviesProvider/src/main/ko
tlin/com/phisher98/Extractor.kt:97:21 Argument type mismatch: actual type is 
'kotlin.String', but 'com.lagradost.cloudstream3.utils.ExtractorLinkType?' 
was expected.
e: file:///C:/Users/Admin/Desktop/iva4u-master/MultiMoviesProvider/src/main/ko
tlin/com/phisher98/Extractor.kt:124:21 Argument type mismatch: actual type is 
'kotlin.String', but 'com.lagradost.cloudstream3.utils.ExtractorLinkType?' 
was expected.
e: file:///C:/Users/Admin/Desktop/iva4u-master/MultiMoviesProvider/src/main/ko
tlin/com/phisher98/Extractor.kt:151:21 Argument type mismatch: actual type is 
'kotlin.String', but 'com.lagradost.cloudstream3.utils.ExtractorLinkType?' 
was expected.

FAILURE: Build failed with an exception.

* What went wrong:
Execution failed for task ':MultiMoviesProvider:compileDebugKotlin'.
> A failure occurred while executing org.jetbrains.kotlin.compilerRunner.Gradl
eCompilerRunnerWithWorkers$GradleKotlinCompilerWorkAction
   > Compilation error. See log for more details

* Try:
> Run with --stacktrace option to get the stack trace.
> Run with --info or --debug option to get more log output.
> Run with --scan to get full insights.
> Get more help at https://help.gradle.org.

BUILD FAILED in 13s
6 actionable tasks: 1 executed, 5 up-to-date
