> Task :HDhub4u:checkKotlinGradlePluginConfigurationErrors SKIPPED
> Task :HDhub4u:preBuild UP-TO-DATE
> Task :HDhub4u:preDebugBuild UP-TO-DATE
> Task :HDhub4u:generateDebugResValues UP-TO-DATE
> Task :HDhub4u:generateDebugResources UP-TO-DATE
> Task :HDhub4u:packageDebugResources UP-TO-DATE
> Task :HDhub4u:parseDebugLocalResources UP-TO-DATE
> Task :HDhub4u:generateDebugRFile UP-TO-DATE

> Task :HDhub4u:compileDebugKotlin FAILED
.\gradlew.bat : e: file:///C:/Users/Ad
min/Desktop/iva4u/HDhub4u/src/main/kot
lin/com/hdhub4u/Extractors.kt:131:25 
Unresolved reference 
'loadSourceNameExtractor'.
At line:1 char:1
+ .\gradlew.bat 
:HDhub4u:compileDebugKotlin 
--stacktrace 2>&1 | Out-Fil ...
+ ~~~~~~~~~~~~~~~~~~~~~~~~~~~~~~~~~~~~
~~~~~~~~~~~~~~~~~~~~~~~
    + CategoryInfo          : NotSpec 
   ified: (e: file:///C:/U...NameExt  
  ractor'.:String) [], RemoteExcept   
 ion
    + FullyQualifiedErrorId : NativeC 
   ommandError
 
e: file:///C:/Users/Admin/Desktop/iva4
u/HDhub4u/src/main/kotlin/com/hdhub4u/
HDhub4uProvider.kt:533:25 Unresolved 
reference 'HDStream4u'.

FAILURE: Build failed with an 
exception.

* What went wrong:
Execution failed for task 
':HDhub4u:compileDebugKotlin'.
> A failure occurred while executing o
rg.jetbrains.kotlin.compilerRunner.Gra
dleCompilerRunnerWithWorkers$GradleKot
linCompilerWorkAction
   > Compilation error. See log for 
more details

* Try:
> Run with --info or --debug option 
to get more log output.
> Run with --scan to get full 
insights.
> Get more help at 
https://help.gradle.org.

* Exception is:
org.gradle.api.tasks.TaskExecutionExce
ption: Execution failed for task 
':HDhub4u:compileDebugKotlin'.
	at org.gradle.api.internal.tasks.exec
ution.ExecuteActionsTaskExecuter.lambd
a$executeIfValid$1(ExecuteActionsTaskE
xecuter.java:130)
	at org.gradle.internal.Try$Failure.if
SuccessfulOrElse(Try.java:293)
	at org.gradle.api.internal.tasks.exec
ution.ExecuteActionsTaskExecuter.execu
teIfValid(ExecuteActionsTaskExecuter.j
ava:128)
	at org.gradle.api.internal.tasks.exec
ution.ExecuteActionsTaskExecuter.execu
te(ExecuteActionsTaskExecuter.java:116
)
	at org.gradle.api.internal.tasks.exec
ution.ProblemsTaskPathTrackingTaskExec
uter.execute(ProblemsTaskPathTrackingT
askExecuter.java:40)
	at org.gradle.api.internal.tasks.exec
ution.FinalizePropertiesTaskExecuter.e
xecute(FinalizePropertiesTaskExecuter.
java:46)
	at org.gradle.api.internal.tasks.exec
ution.ResolveTaskExecutionModeExecuter
.execute(ResolveTaskExecutionModeExecu
ter.java:51)
	at org.gradle.api.internal.tasks.exec
ution.SkipTaskWithNoActionsExecuter.ex
ecute(SkipTaskWithNoActionsExecuter.ja
va:57)
	at org.gradle.api.internal.tasks.exec
ution.SkipOnlyIfTaskExecuter.execute(S
kipOnlyIfTaskExecuter.java:74)
	at org.gradle.api.internal.tasks.exec
ution.CatchExceptionTaskExecuter.execu
te(CatchExceptionTaskExecuter.java:36)
	at org.gradle.api.internal.tasks.exec
ution.EventFiringTaskExecuter$1.execut
eTask(EventFiringTaskExecuter.java:77)
	at org.gradle.api.internal.tasks.exec
ution.EventFiringTaskExecuter$1.call(E
ventFiringTaskExecuter.java:55)
	at org.gradle.api.internal.tasks.exec
ution.EventFiringTaskExecuter$1.call(E
ventFiringTaskExecuter.java:52)
	at org.gradle.internal.operations.Def
aultBuildOperationRunner$CallableBuild
OperationWorker.execute(DefaultBuildOp
erationRunner.java:209)
	at org.gradle.internal.operations.Def
aultBuildOperationRunner$CallableBuild
OperationWorker.execute(DefaultBuildOp
erationRunner.java:204)
	at org.gradle.internal.operations.Def
aultBuildOperationRunner$2.execute(Def
aultBuildOperationRunner.java:66)
	at org.gradle.internal.operations.Def
aultBuildOperationRunner$2.execute(Def
aultBuildOperationRunner.java:59)
	at org.gradle.internal.operations.Def
aultBuildOperationRunner.execute(Defau
ltBuildOperationRunner.java:166)
	at org.gradle.internal.operations.Def
aultBuildOperationRunner.execute(Defau
ltBuildOperationRunner.java:59)
	at org.gradle.internal.operations.Def
aultBuildOperationRunner.call(DefaultB
uildOperationRunner.java:53)
	at org.gradle.api.internal.tasks.exec
ution.EventFiringTaskExecuter.execute(
EventFiringTaskExecuter.java:52)
	at org.gradle.execution.plan.LocalTas
kNodeExecutor.execute(LocalTaskNodeExe
cutor.java:42)
	at org.gradle.execution.taskgraph.Def
aultTaskExecutionGraph$InvokeNodeExecu
torsAction.execute(DefaultTaskExecutio
nGraph.java:331)
	at org.gradle.execution.taskgraph.Def
aultTaskExecutionGraph$InvokeNodeExecu
torsAction.execute(DefaultTaskExecutio
nGraph.java:318)
	at org.gradle.execution.taskgraph.Def
aultTaskExecutionGraph$BuildOperationA
wareExecutionAction.lambda$execute$0(D
efaultTaskExecutionGraph.java:314)
	at org.gradle.internal.operations.Cur
rentBuildOperationRef.with(CurrentBuil
dOperationRef.java:85)
	at org.gradle.execution.taskgraph.Def
aultTaskExecutionGraph$BuildOperationA
wareExecutionAction.execute(DefaultTas
kExecutionGraph.java:314)
	at org.gradle.execution.taskgraph.Def
aultTaskExecutionGraph$BuildOperationA
wareExecutionAction.execute(DefaultTas
kExecutionGraph.java:303)
	at org.gradle.execution.plan.DefaultP
lanExecutor$ExecutorWorker.execute(Def
aultPlanExecutor.java:459)
	at org.gradle.execution.plan.DefaultP
lanExecutor$ExecutorWorker.run(Default
PlanExecutor.java:376)
	at org.gradle.internal.concurrent.Exe
cutorPolicy$CatchAndRecordFailures.onE
xecute(ExecutorPolicy.java:64)
	at org.gradle.internal.concurrent.Abs
tractManagedExecutor$1.run(AbstractMan
agedExecutor.java:48)
Caused by: org.gradle.workers.internal
.DefaultWorkerExecutor$WorkExecutionEx
ception: A failure occurred while 
executing org.jetbrains.kotlin.compile
rRunner.GradleCompilerRunnerWithWorker
s$GradleKotlinCompilerWorkAction
	at org.gradle.workers.internal.Defaul
tWorkerExecutor$WorkItemExecution.wait
ForCompletion(DefaultWorkerExecutor.ja
va:287)
	at org.gradle.internal.work.DefaultAs
yncWorkTracker.lambda$waitForItemsAndG
atherFailures$2(DefaultAsyncWorkTracke
r.java:130)
	at org.gradle.internal.Factories$1.cr
eate(Factories.java:31)
	at org.gradle.internal.work.DefaultWo
rkerLeaseService.withoutLocks(DefaultW
orkerLeaseService.java:335)
	at org.gradle.internal.work.DefaultWo
rkerLeaseService.withoutLocks(DefaultW
orkerLeaseService.java:318)
	at org.gradle.internal.work.DefaultWo
rkerLeaseService.withoutLock(DefaultWo
rkerLeaseService.java:323)
	at org.gradle.internal.work.DefaultAs
yncWorkTracker.waitForItemsAndGatherFa
ilures(DefaultAsyncWorkTracker.java:12
6)
	at org.gradle.internal.work.DefaultAs
yncWorkTracker.waitForItemsAndGatherFa
ilures(DefaultAsyncWorkTracker.java:92
)
	at org.gradle.internal.work.DefaultAs
yncWorkTracker.waitForAll(DefaultAsync
WorkTracker.java:78)
	at org.gradle.internal.work.DefaultAs
yncWorkTracker.waitForCompletion(Defau
ltAsyncWorkTracker.java:66)
	at org.gradle.api.internal.tasks.exec
ution.TaskExecution$3.run(TaskExecutio
n.java:252)
	at org.gradle.internal.operations.Def
aultBuildOperationRunner$1.execute(Def
aultBuildOperationRunner.java:29)
	at org.gradle.internal.operations.Def
aultBuildOperationRunner$1.execute(Def
aultBuildOperationRunner.java:26)
	at org.gradle.internal.operations.Def
aultBuildOperationRunner$2.execute(Def
aultBuildOperationRunner.java:66)
	at org.gradle.internal.operations.Def
aultBuildOperationRunner$2.execute(Def
aultBuildOperationRunner.java:59)
	at org.gradle.internal.operations.Def
aultBuildOperationRunner.execute(Defau
ltBuildOperationRunner.java:166)
	at org.gradle.internal.operations.Def
aultBuildOperationRunner.execute(Defau
ltBuildOperationRunner.java:59)
	at org.gradle.internal.operations.Def
aultBuildOperationRunner.run(DefaultBu
ildOperationRunner.java:47)
	at org.gradle.api.internal.tasks.exec
ution.TaskExecution.executeAction(Task
Execution.java:229)
	at org.gradle.api.internal.tasks.exec
ution.TaskExecution.executeActions(Tas
kExecution.java:212)
	at org.gradle.api.internal.tasks.exec
ution.TaskExecution.executeWithPreviou
sOutputFiles(TaskExecution.java:195)
	at org.gradle.api.internal.tasks.exec
ution.TaskExecution.execute(TaskExecut
ion.java:162)
	at org.gradle.internal.execution.step
s.ExecuteStep.executeInternal(ExecuteS
tep.java:105)
	at org.gradle.internal.execution.step
s.ExecuteStep.access$000(ExecuteStep.j
ava:44)
	at org.gradle.internal.execution.step
s.ExecuteStep$1.call(ExecuteStep.java:
59)
	at org.gradle.internal.execution.step
s.ExecuteStep$1.call(ExecuteStep.java:
56)
	at org.gradle.internal.operations.Def
aultBuildOperationRunner$CallableBuild
OperationWorker.execute(DefaultBuildOp
erationRunner.java:209)
	at org.gradle.internal.operations.Def
aultBuildOperationRunner$CallableBuild
OperationWorker.execute(DefaultBuildOp
erationRunner.java:204)
	at org.gradle.internal.operations.Def
aultBuildOperationRunner$2.execute(Def
aultBuildOperationRunner.java:66)
	at org.gradle.internal.operations.Def
aultBuildOperationRunner$2.execute(Def
aultBuildOperationRunner.java:59)
	at org.gradle.internal.operations.Def
aultBuildOperationRunner.execute(Defau
ltBuildOperationRunner.java:166)
	at org.gradle.internal.operations.Def
aultBuildOperationRunner.execute(Defau
ltBuildOperationRunner.java:59)
	at org.gradle.internal.operations.Def
aultBuildOperationRunner.call(DefaultB
uildOperationRunner.java:53)
	at org.gradle.internal.execution.step
s.ExecuteStep.execute(ExecuteStep.java
:56)
	at org.gradle.internal.execution.step
s.ExecuteStep.execute(ExecuteStep.java
:44)
	at org.gradle.internal.execution.step
s.CancelExecutionStep.execute(CancelEx
ecutionStep.java:42)
	at org.gradle.internal.execution.step
s.TimeoutStep.executeWithoutTimeout(Ti
meoutStep.java:75)
	at org.gradle.internal.execution.step
s.TimeoutStep.execute(TimeoutStep.java
:55)
	at org.gradle.internal.execution.step
s.PreCreateOutputParentsStep.execute(P
reCreateOutputParentsStep.java:50)
	at org.gradle.internal.execution.step
s.PreCreateOutputParentsStep.execute(P
reCreateOutputParentsStep.java:28)
	at org.gradle.internal.execution.step
s.RemovePreviousOutputsStep.execute(Re
movePreviousOutputsStep.java:67)
	at org.gradle.internal.execution.step
s.RemovePreviousOutputsStep.execute(Re
movePreviousOutputsStep.java:37)
	at org.gradle.internal.execution.step
s.BroadcastChangingOutputsStep.execute
(BroadcastChangingOutputsStep.java:61)
	at org.gradle.internal.execution.step
s.BroadcastChangingOutputsStep.execute
(BroadcastChangingOutputsStep.java:26)
	at org.gradle.internal.execution.step
s.CaptureOutputsAfterExecutionStep.exe
cute(CaptureOutputsAfterExecutionStep.
java:69)
	at org.gradle.internal.execution.step
s.CaptureOutputsAfterExecutionStep.exe
cute(CaptureOutputsAfterExecutionStep.
java:46)
	at org.gradle.internal.execution.step
s.ResolveInputChangesStep.execute(Reso
lveInputChangesStep.java:40)
	at org.gradle.internal.execution.step
s.ResolveInputChangesStep.execute(Reso
lveInputChangesStep.java:29)
	at org.gradle.internal.execution.step
s.BuildCacheStep.executeWithoutCache(B
uildCacheStep.java:189)
	at org.gradle.internal.execution.step
s.BuildCacheStep.lambda$execute$1(Buil
dCacheStep.java:75)
	at org.gradle.internal.Either$Right.f
old(Either.java:175)
	at org.gradle.internal.execution.cach
ing.CachingState.fold(CachingState.jav
a:62)
	at org.gradle.internal.execution.step
s.BuildCacheStep.execute(BuildCacheSte
p.java:73)
	at org.gradle.internal.execution.step
s.BuildCacheStep.execute(BuildCacheSte
p.java:48)
	at org.gradle.internal.execution.step
s.StoreExecutionStateStep.execute(Stor
eExecutionStateStep.java:46)
	at org.gradle.internal.execution.step
s.StoreExecutionStateStep.execute(Stor
eExecutionStateStep.java:35)
	at org.gradle.internal.execution.step
s.SkipUpToDateStep.executeBecause(Skip
UpToDateStep.java:75)
	at org.gradle.internal.execution.step
s.SkipUpToDateStep.lambda$execute$2(Sk
ipUpToDateStep.java:53)
	at org.gradle.internal.execution.step
s.SkipUpToDateStep.execute(SkipUpToDat
eStep.java:53)
	at org.gradle.internal.execution.step
s.SkipUpToDateStep.execute(SkipUpToDat
eStep.java:35)
	at org.gradle.internal.execution.step
s.legacy.MarkSnapshottingInputsFinishe
dStep.execute(MarkSnapshottingInputsFi
nishedStep.java:37)
	at org.gradle.internal.execution.step
s.legacy.MarkSnapshottingInputsFinishe
dStep.execute(MarkSnapshottingInputsFi
nishedStep.java:27)
	at org.gradle.internal.execution.step
s.ResolveIncrementalCachingStateStep.e
xecuteDelegate(ResolveIncrementalCachi
ngStateStep.java:49)
	at org.gradle.internal.execution.step
s.ResolveIncrementalCachingStateStep.e
xecuteDelegate(ResolveIncrementalCachi
ngStateStep.java:27)
	at org.gradle.internal.execution.step
s.AbstractResolveCachingStateStep.exec
ute(AbstractResolveCachingStateStep.ja
va:71)
	at org.gradle.internal.execution.step
s.AbstractResolveCachingStateStep.exec
ute(AbstractResolveCachingStateStep.ja
va:39)
	at org.gradle.internal.execution.step
s.ResolveChangesStep.execute(ResolveCh
angesStep.java:65)
	at org.gradle.internal.execution.step
s.ResolveChangesStep.execute(ResolveCh
angesStep.java:36)
	at org.gradle.internal.execution.step
s.ValidateStep.execute(ValidateStep.ja
va:107)
	at org.gradle.internal.execution.step
s.ValidateStep.execute(ValidateStep.ja
va:56)
	at org.gradle.internal.execution.step
s.AbstractCaptureStateBeforeExecutionS
tep.execute(AbstractCaptureStateBefore
ExecutionStep.java:64)
	at org.gradle.internal.execution.step
s.AbstractCaptureStateBeforeExecutionS
tep.execute(AbstractCaptureStateBefore
ExecutionStep.java:43)
	at org.gradle.internal.execution.step
s.AbstractSkipEmptyWorkStep.executeWit
hNonEmptySources(AbstractSkipEmptyWork
Step.java:125)
	at org.gradle.internal.execution.step
s.AbstractSkipEmptyWorkStep.execute(Ab
stractSkipEmptyWorkStep.java:61)
	at org.gradle.internal.execution.step
s.AbstractSkipEmptyWorkStep.execute(Ab
stractSkipEmptyWorkStep.java:36)
	at org.gradle.internal.execution.step
s.legacy.MarkSnapshottingInputsStarted
Step.execute(MarkSnapshottingInputsSta
rtedStep.java:38)
	at org.gradle.internal.execution.step
s.LoadPreviousExecutionStateStep.execu
te(LoadPreviousExecutionStateStep.java
:36)
	at org.gradle.internal.execution.step
s.LoadPreviousExecutionStateStep.execu
te(LoadPreviousExecutionStateStep.java
:23)
	at org.gradle.internal.execution.step
s.HandleStaleOutputsStep.execute(Handl
eStaleOutputsStep.java:75)
	at org.gradle.internal.execution.step
s.HandleStaleOutputsStep.execute(Handl
eStaleOutputsStep.java:41)
	at org.gradle.internal.execution.step
s.AssignMutableWorkspaceStep.lambda$ex
ecute$0(AssignMutableWorkspaceStep.jav
a:35)
	at org.gradle.api.internal.tasks.exec
ution.TaskExecution$4.withWorkspace(Ta
skExecution.java:289)
	at org.gradle.internal.execution.step
s.AssignMutableWorkspaceStep.execute(A
ssignMutableWorkspaceStep.java:31)
	at org.gradle.internal.execution.step
s.AssignMutableWorkspaceStep.execute(A
ssignMutableWorkspaceStep.java:22)
	at org.gradle.internal.execution.step
s.ChoosePipelineStep.execute(ChoosePip
elineStep.java:40)
	at org.gradle.internal.execution.step
s.ChoosePipelineStep.execute(ChoosePip
elineStep.java:23)
	at org.gradle.internal.execution.step
s.ExecuteWorkBuildOperationFiringStep.
lambda$execute$2(ExecuteWorkBuildOpera
tionFiringStep.java:67)
	at org.gradle.internal.execution.step
s.ExecuteWorkBuildOperationFiringStep.
execute(ExecuteWorkBuildOperationFirin
gStep.java:67)
	at org.gradle.internal.execution.step
s.ExecuteWorkBuildOperationFiringStep.
execute(ExecuteWorkBuildOperationFirin
gStep.java:39)
	at org.gradle.internal.execution.step
s.IdentityCacheStep.execute(IdentityCa
cheStep.java:46)
	at org.gradle.internal.execution.step
s.IdentityCacheStep.execute(IdentityCa
cheStep.java:34)
	at org.gradle.internal.execution.step
s.IdentifyStep.execute(IdentifyStep.ja
va:48)
	at org.gradle.internal.execution.step
s.IdentifyStep.execute(IdentifyStep.ja
va:35)
	at org.gradle.internal.execution.impl
.DefaultExecutionEngine$1.execute(Defa
ultExecutionEngine.java:61)
	at org.gradle.api.internal.tasks.exec
ution.ExecuteActionsTaskExecuter.execu
teIfValid(ExecuteActionsTaskExecuter.j
ava:127)
	at org.gradle.api.internal.tasks.exec
ution.ExecuteActionsTaskExecuter.execu
te(ExecuteActionsTaskExecuter.java:116
)
	at org.gradle.api.internal.tasks.exec
ution.ProblemsTaskPathTrackingTaskExec
uter.execute(ProblemsTaskPathTrackingT
askExecuter.java:40)
	at org.gradle.api.internal.tasks.exec
ution.FinalizePropertiesTaskExecuter.e
xecute(FinalizePropertiesTaskExecuter.
java:46)
	at org.gradle.api.internal.tasks.exec
ution.ResolveTaskExecutionModeExecuter
.execute(ResolveTaskExecutionModeExecu
ter.java:51)
	at org.gradle.api.internal.tasks.exec
ution.SkipTaskWithNoActionsExecuter.ex
ecute(SkipTaskWithNoActionsExecuter.ja
va:57)
	at org.gradle.api.internal.tasks.exec
ution.SkipOnlyIfTaskExecuter.execute(S
kipOnlyIfTaskExecuter.java:74)
	at org.gradle.api.internal.tasks.exec
ution.CatchExceptionTaskExecuter.execu
te(CatchExceptionTaskExecuter.java:36)
	at org.gradle.api.internal.tasks.exec
ution.EventFiringTaskExecuter$1.execut
eTask(EventFiringTaskExecuter.java:77)
	at org.gradle.api.internal.tasks.exec
ution.EventFiringTaskExecuter$1.call(E
ventFiringTaskExecuter.java:55)
	at org.gradle.api.internal.tasks.exec
ution.EventFiringTaskExecuter$1.call(E
ventFiringTaskExecuter.java:52)
	at org.gradle.internal.operations.Def
aultBuildOperationRunner$CallableBuild
OperationWorker.execute(DefaultBuildOp
erationRunner.java:209)
	at org.gradle.internal.operations.Def
aultBuildOperationRunner$CallableBuild
OperationWorker.execute(DefaultBuildOp
erationRunner.java:204)
	at org.gradle.internal.operations.Def
aultBuildOperationRunner$2.execute(Def
aultBuildOperationRunner.java:66)
	at org.gradle.internal.operations.Def
aultBuildOperationRunner$2.execute(Def
aultBuildOperationRunner.java:59)
	at org.gradle.internal.operations.Def
aultBuildOperationRunner.execute(Defau
ltBuildOperationRunner.java:166)
	at org.gradle.internal.operations.Def
aultBuildOperationRunner.execute(Defau
ltBuildOperationRunner.java:59)
	at org.gradle.internal.operations.Def
aultBuildOperationRunner.call(DefaultB
uildOperationRunner.java:53)
	at org.gradle.api.internal.tasks.exec
ution.EventFiringTaskExecuter.execute(
EventFiringTaskExecuter.java:52)
	at org.gradle.execution.plan.LocalTas
kNodeExecutor.execute(LocalTaskNodeExe
cutor.java:42)
	at org.gradle.execution.taskgraph.Def
aultTaskExecutionGraph$InvokeNodeExecu
torsAction.execute(DefaultTaskExecutio
nGraph.java:331)
	at org.gradle.execution.taskgraph.Def
aultTaskExecutionGraph$InvokeNodeExecu
torsAction.execute(DefaultTaskExecutio
nGraph.java:318)
	at org.gradle.execution.taskgraph.Def
aultTaskExecutionGraph$BuildOperationA
wareExecutionAction.lambda$execute$0(D
efaultTaskExecutionGraph.java:314)
	at org.gradle.internal.operations.Cur
rentBuildOperationRef.with(CurrentBuil
dOperationRef.java:85)
	at org.gradle.execution.taskgraph.Def
aultTaskExecutionGraph$BuildOperationA
wareExecutionAction.execute(DefaultTas
kExecutionGraph.java:314)
	at org.gradle.execution.taskgraph.Def
aultTaskExecutionGraph$BuildOperationA
wareExecutionAction.execute(DefaultTas
kExecutionGraph.java:303)
	at org.gradle.execution.plan.DefaultP
lanExecutor$ExecutorWorker.execute(Def
aultPlanExecutor.java:459)
	at org.gradle.execution.plan.DefaultP
lanExecutor$ExecutorWorker.run(Default
PlanExecutor.java:376)
	at org.gradle.internal.concurrent.Exe
cutorPolicy$CatchAndRecordFailures.onE
xecute(ExecutorPolicy.java:64)
	at org.gradle.internal.concurrent.Abs
tractManagedExecutor$1.run(AbstractMan
agedExecutor.java:48)
Caused by: org.jetbrains.kotlin.gradle
.tasks.CompilationErrorException: 
Compilation error. See log for more 
details
	at org.jetbrains.kotlin.gradle.tasks.
TasksUtilsKt.throwExceptionIfCompilati
onFailed(tasksUtils.kt:21)
	at org.jetbrains.kotlin.compilerRunne
r.GradleKotlinCompilerWork.run(GradleK
otlinCompilerWork.kt:119)
6 actionable tasks: 1 executed, 5 up-to-date
	at org.jetbrains.kotlin.compilerRunne
r.GradleCompilerRunnerWithWorkers$Grad
leKotlinCompilerWorkAction.execute(Gra
dleCompilerRunnerWithWorkers.kt:76)
	at org.gradle.workers.internal.Defaul
tWorkerServer.execute(DefaultWorkerSer
ver.java:63)
	at org.gradle.workers.internal.NoIsol
ationWorkerFactory$1$1.create(NoIsolat
ionWorkerFactory.java:66)
	at org.gradle.workers.internal.NoIsol
ationWorkerFactory$1$1.create(NoIsolat
ionWorkerFactory.java:62)
	at org.gradle.internal.classloader.Cl
assLoaderUtils.executeInClassloader(Cl
assLoaderUtils.java:100)
	at org.gradle.workers.internal.NoIsol
ationWorkerFactory$1.lambda$execute$0(
NoIsolationWorkerFactory.java:62)
	at org.gradle.workers.internal.Abstra
ctWorker$1.call(AbstractWorker.java:44
)
	at org.gradle.workers.internal.Abstra
ctWorker$1.call(AbstractWorker.java:41
)
	at org.gradle.internal.operations.Def
aultBuildOperationRunner$CallableBuild
OperationWorker.execute(DefaultBuildOp
erationRunner.java:209)
	at org.gradle.internal.operations.Def
aultBuildOperationRunner$CallableBuild
OperationWorker.execute(DefaultBuildOp
erationRunner.java:204)
	at org.gradle.internal.operations.Def
aultBuildOperationRunner$2.execute(Def
aultBuildOperationRunner.java:66)
	at org.gradle.internal.operations.Def
aultBuildOperationRunner$2.execute(Def
aultBuildOperationRunner.java:59)
	at org.gradle.internal.operations.Def
aultBuildOperationRunner.execute(Defau
ltBuildOperationRunner.java:166)
	at org.gradle.internal.operations.Def
aultBuildOperationRunner.execute(Defau
ltBuildOperationRunner.java:59)
	at org.gradle.internal.operations.Def
aultBuildOperationRunner.call(DefaultB
uildOperationRunner.java:53)
	at org.gradle.workers.internal.Abstra
ctWorker.executeWrappedInBuildOperatio
n(AbstractWorker.java:41)
	at org.gradle.workers.internal.NoIsol
ationWorkerFactory$1.execute(NoIsolati
onWorkerFactory.java:59)
	at org.gradle.workers.internal.Defaul
tWorkerExecutor.lambda$submitWork$0(De
faultWorkerExecutor.java:174)
	at org.gradle.internal.work.DefaultCo
nditionalExecutionQueue$ExecutionRunne
r.runExecution(DefaultConditionalExecu
tionQueue.java:194)
	at org.gradle.internal.work.DefaultCo
nditionalExecutionQueue$ExecutionRunne
r.access$700(DefaultConditionalExecuti
onQueue.java:127)
	at org.gradle.internal.work.DefaultCo
nditionalExecutionQueue$ExecutionRunne
r$1.run(DefaultConditionalExecutionQue
ue.java:169)
	at org.gradle.internal.Factories$1.cr
eate(Factories.java:31)
	at org.gradle.internal.work.DefaultWo
rkerLeaseService.withLocks(DefaultWork
erLeaseService.java:263)
	at org.gradle.internal.work.DefaultWo
rkerLeaseService.runAsWorkerThread(Def
aultWorkerLeaseService.java:127)
	at org.gradle.internal.work.DefaultWo
rkerLeaseService.runAsWorkerThread(Def
aultWorkerLeaseService.java:132)
	at org.gradle.internal.work.DefaultCo
nditionalExecutionQueue$ExecutionRunne
r.runBatch(DefaultConditionalExecution
Queue.java:164)
	at org.gradle.internal.work.DefaultCo
nditionalExecutionQueue$ExecutionRunne
r.run(DefaultConditionalExecutionQueue
.java:133)
	... 2 more


BUILD FAILED in 1s
